// Jest Snapshot v1, https://goo.gl/fbAQLP

exports[`<App/> render correctly 1`] = `
<View>
  <Text>
    OK
  </Text>
</View>
`;
